Archive member included to satisfy reference by file (symbol)

E:/BTVN/Nam 3/Vi xu ly/STM32CubeIDE_1.7.0/STM32CubeIDE/plugins/com.st.stm32cube.ide.mcu.externaltools.gnu-tools-for-stm32.12.3.rel1.win32_1.0.200.202406191623/tools/bin/../lib/gcc/arm-none-eabi/12.3.1/../../../../arm-none-eabi/lib/thumb/v7e-m+fp/hard\libc_nano.a(libc_a-exit.o)
                              E:/BTVN/Nam 3/Vi xu ly/STM32CubeIDE_1.7.0/STM32CubeIDE/plugins/com.st.stm32cube.ide.mcu.externaltools.gnu-tools-for-stm32.12.3.rel1.win32_1.0.200.202406191623/tools/bin/../lib/gcc/arm-none-eabi/12.3.1/../../../../arm-none-eabi/lib/thumb/v7e-m+fp/hard/crt0.o (exit)
E:/BTVN/Nam 3/Vi xu ly/STM32CubeIDE_1.7.0/STM32CubeIDE/plugins/com.st.stm32cube.ide.mcu.externaltools.gnu-tools-for-stm32.12.3.rel1.win32_1.0.200.202406191623/tools/bin/../lib/gcc/arm-none-eabi/12.3.1/../../../../arm-none-eabi/lib/thumb/v7e-m+fp/hard\libc_nano.a(libc_a-findfp.o)
                              E:/BTVN/Nam 3/Vi xu ly/STM32CubeIDE_1.7.0/STM32CubeIDE/plugins/com.st.stm32cube.ide.mcu.externaltools.gnu-tools-for-stm32.12.3.rel1.win32_1.0.200.202406191623/tools/bin/../lib/gcc/arm-none-eabi/12.3.1/../../../../arm-none-eabi/lib/thumb/v7e-m+fp/hard\libc_nano.a(libc_a-exit.o) (__stdio_exit_handler)
E:/BTVN/Nam 3/Vi xu ly/STM32CubeIDE_1.7.0/STM32CubeIDE/plugins/com.st.stm32cube.ide.mcu.externaltools.gnu-tools-for-stm32.12.3.rel1.win32_1.0.200.202406191623/tools/bin/../lib/gcc/arm-none-eabi/12.3.1/../../../../arm-none-eabi/lib/thumb/v7e-m+fp/hard\libc_nano.a(libc_a-fwalk.o)
                              E:/BTVN/Nam 3/Vi xu ly/STM32CubeIDE_1.7.0/STM32CubeIDE/plugins/com.st.stm32cube.ide.mcu.externaltools.gnu-tools-for-stm32.12.3.rel1.win32_1.0.200.202406191623/tools/bin/../lib/gcc/arm-none-eabi/12.3.1/../../../../arm-none-eabi/lib/thumb/v7e-m+fp/hard\libc_nano.a(libc_a-findfp.o) (_fwalk_sglue)
E:/BTVN/Nam 3/Vi xu ly/STM32CubeIDE_1.7.0/STM32CubeIDE/plugins/com.st.stm32cube.ide.mcu.externaltools.gnu-tools-for-stm32.12.3.rel1.win32_1.0.200.202406191623/tools/bin/../lib/gcc/arm-none-eabi/12.3.1/../../../../arm-none-eabi/lib/thumb/v7e-m+fp/hard\libc_nano.a(libc_a-stdio.o)
                              E:/BTVN/Nam 3/Vi xu ly/STM32CubeIDE_1.7.0/STM32CubeIDE/plugins/com.st.stm32cube.ide.mcu.externaltools.gnu-tools-for-stm32.12.3.rel1.win32_1.0.200.202406191623/tools/bin/../lib/gcc/arm-none-eabi/12.3.1/../../../../arm-none-eabi/lib/thumb/v7e-m+fp/hard\libc_nano.a(libc_a-findfp.o) (__sread)
E:/BTVN/Nam 3/Vi xu ly/STM32CubeIDE_1.7.0/STM32CubeIDE/plugins/com.st.stm32cube.ide.mcu.externaltools.gnu-tools-for-stm32.12.3.rel1.win32_1.0.200.202406191623/tools/bin/../lib/gcc/arm-none-eabi/12.3.1/../../../../arm-none-eabi/lib/thumb/v7e-m+fp/hard\libc_nano.a(libc_a-memset.o)
                              E:/BTVN/Nam 3/Vi xu ly/STM32CubeIDE_1.7.0/STM32CubeIDE/plugins/com.st.stm32cube.ide.mcu.externaltools.gnu-tools-for-stm32.12.3.rel1.win32_1.0.200.202406191623/tools/bin/../lib/gcc/arm-none-eabi/12.3.1/../../../../arm-none-eabi/lib/thumb/v7e-m+fp/hard/crt0.o (memset)
E:/BTVN/Nam 3/Vi xu ly/STM32CubeIDE_1.7.0/STM32CubeIDE/plugins/com.st.stm32cube.ide.mcu.externaltools.gnu-tools-for-stm32.12.3.rel1.win32_1.0.200.202406191623/tools/bin/../lib/gcc/arm-none-eabi/12.3.1/../../../../arm-none-eabi/lib/thumb/v7e-m+fp/hard\libc_nano.a(libc_a-closer.o)
                              E:/BTVN/Nam 3/Vi xu ly/STM32CubeIDE_1.7.0/STM32CubeIDE/plugins/com.st.stm32cube.ide.mcu.externaltools.gnu-tools-for-stm32.12.3.rel1.win32_1.0.200.202406191623/tools/bin/../lib/gcc/arm-none-eabi/12.3.1/../../../../arm-none-eabi/lib/thumb/v7e-m+fp/hard\libc_nano.a(libc_a-stdio.o) (_close_r)
E:/BTVN/Nam 3/Vi xu ly/STM32CubeIDE_1.7.0/STM32CubeIDE/plugins/com.st.stm32cube.ide.mcu.externaltools.gnu-tools-for-stm32.12.3.rel1.win32_1.0.200.202406191623/tools/bin/../lib/gcc/arm-none-eabi/12.3.1/../../../../arm-none-eabi/lib/thumb/v7e-m+fp/hard\libc_nano.a(libc_a-reent.o)
                              E:/BTVN/Nam 3/Vi xu ly/STM32CubeIDE_1.7.0/STM32CubeIDE/plugins/com.st.stm32cube.ide.mcu.externaltools.gnu-tools-for-stm32.12.3.rel1.win32_1.0.200.202406191623/tools/bin/../lib/gcc/arm-none-eabi/12.3.1/../../../../arm-none-eabi/lib/thumb/v7e-m+fp/hard\libc_nano.a(libc_a-closer.o) (errno)
E:/BTVN/Nam 3/Vi xu ly/STM32CubeIDE_1.7.0/STM32CubeIDE/plugins/com.st.stm32cube.ide.mcu.externaltools.gnu-tools-for-stm32.12.3.rel1.win32_1.0.200.202406191623/tools/bin/../lib/gcc/arm-none-eabi/12.3.1/../../../../arm-none-eabi/lib/thumb/v7e-m+fp/hard\libc_nano.a(libc_a-impure.o)
                              E:/BTVN/Nam 3/Vi xu ly/STM32CubeIDE_1.7.0/STM32CubeIDE/plugins/com.st.stm32cube.ide.mcu.externaltools.gnu-tools-for-stm32.12.3.rel1.win32_1.0.200.202406191623/tools/bin/../lib/gcc/arm-none-eabi/12.3.1/../../../../arm-none-eabi/lib/thumb/v7e-m+fp/hard\libc_nano.a(libc_a-reent.o) (_impure_ptr)
[...]
Memory Configuration

Name             Origin             Length             Attributes
CCMRAM           0x10000000         0x00010000         xrw
RAM              0x20000000         0x00020000         xrw
FLASH            0x08000000         0x00100000         xr
*default*        0x00000000         0xffffffff

Linker script and memory map

LOAD E:/BTVN/Nam 3/Vi xu ly/STM32CubeIDE_1.7.0/STM32CubeIDE/plugins/com.st.stm32cube.ide.mcu.externaltools.gnu-tools-for-stm32.12.3.rel1.win32_1.0.200.202406191623/tools/bin/../lib/gcc/arm-none-eabi/12.3.1/thumb/v7e-m+fp/hard/crti.o
LOAD E:/BTVN/Nam 3/Vi xu ly/STM32CubeIDE_1.7.0/STM32CubeIDE/plugins/com.st.stm32cube.ide.mcu.externaltools.gnu-tools-for-stm32.12.3.rel1.win32_1.0.200.202406191623/tools/bin/../lib/gcc/arm-none-eabi/12.3.1/thumb/v7e-m+fp/hard/crtbegin.o
LOAD E:/BTVN/Nam 3/Vi xu ly/STM32CubeIDE_1.7.0/STM32CubeIDE/plugins/com.st.stm32cube.ide.mcu.externaltools.gnu-tools-for-stm32.12.3.rel1.win32_1.0.200.202406191623/tools/bin/../lib/gcc/arm-none-eabi/12.3.1/../../../../arm-none-eabi/lib/thumb/v7e-m+fp/hard/crt0.o
LOAD ./Core/Src/button.o
LOAD ./Core/Src/fsm_auto.o
LOAD ./Core/Src/fsm_tuning.o
LOAD ./Core/Src/fsmc.o
LOAD ./Core/Src/gpio.o
LOAD ./Core/Src/lcd.o
LOAD ./Core/Src/led_7seg.o
LOAD ./Core/Src/main.o
LOAD ./Core/Src/picture.o
LOAD ./Core/Src/software_timer.o
LOAD ./Core/Src/spi.o
LOAD ./Core/Src/stm32f4xx_hal_msp.o
LOAD ./Core/Src/stm32f4xx_it.o
LOAD ./Core/Src/syscalls.o
LOAD ./Core/Src/sysmem.o
LOAD ./Core/Src/system_stm32f4xx.o
LOAD ./Core/Src/tim.o
LOAD ./Core/Startup/startup_stm32f407zetx.o
LOAD ./Drivers/STM32F4xx_HAL_Driver/Src/stm32f4xx_hal.o
LOAD ./Drivers/STM32F4xx_HAL_Driver/Src/stm32f4xx_hal_cortex.o
LOAD ./Drivers/STM32F4xx_HAL_Driver/Src/stm32f4xx_hal_dma.o
LOAD ./Drivers/STM32F4xx_HAL_Driver/Src/stm32f4xx_hal_dma_ex.o
LOAD ./Drivers/STM32F4xx_HAL_Driver/Src/stm32f4xx_hal_exti.o
LOAD ./Drivers/STM32F4xx_HAL_Driver/Src/stm32f4xx_hal_flash.o
LOAD ./Drivers/STM32F4xx_HAL_Driver/Src/stm32f4xx_hal_flash_ex.o
LOAD ./Drivers/STM32F4xx_HAL_Driver/Src/stm32f4xx_hal_flash_ramfunc.o
LOAD ./Drivers/STM32F4xx_HAL_Driver/Src/stm32f4xx_hal_gpio.o
LOAD ./Drivers/STM32F4xx_HAL_Driver/Src/stm32f4xx_hal_pwr.o
LOAD ./Drivers/STM32F4xx_HAL_Driver/Src/stm32f4xx_hal_pwr_ex.o
LOAD ./Drivers/STM32F4xx_HAL_Driver/Src/stm32f4xx_hal_rcc.o
LOAD ./Drivers/STM32F4xx_HAL_Driver/Src/stm32f4xx_hal_rcc_ex.o
LOAD ./Drivers/STM32F4xx_HAL_Driver/Src/stm32f4xx_hal_spi.o
LOAD ./Drivers/STM32F4xx_HAL_Driver/Src/stm32f4xx_hal_sram.o
LOAD ./Drivers/STM32F4xx_HAL_Driver/Src/stm32f4xx_hal_tim.o
LOAD ./Drivers/STM32F4xx_HAL_Driver/Src/stm32f4xx_hal_tim_ex.o
LOAD ./Drivers/STM32F4xx_HAL_Driver/Src/stm32f4xx_ll_fsmc.o
START GROUP
LOAD E:/BTVN/Nam 3/Vi xu ly/STM32CubeIDE_1.7.0/STM32CubeIDE/plugins/com.st.stm32cube.ide.mcu.externaltools.gnu-tools-for-stm32.12.3.rel1.win32_1.0.200.202406191623/tools/bin/../lib/gcc/arm-none-eabi/12.3.1/../../../../arm-none-eabi/lib/thumb/v7e-m+fp/hard\libc_nano.a
LOAD E:/BTVN/Nam 3/Vi xu ly/STM32CubeIDE_1.7.0/STM32CubeIDE/plugins/com.st.stm32cube.ide.mcu.externaltools.gnu-tools-for-stm32.12.3.rel1.win32_1.0.200.202406191623/tools/bin/../lib/gcc/arm-none-eabi/12.3.1/../../../../arm-none-eabi/lib/thumb/v7e-m+fp/hard\libm.a
END GROUP
START GROUP
LOAD E:/BTVN/Nam 3/Vi xu ly/STM32CubeIDE_1.7.0/STM32CubeIDE/plugins/com.st.stm32cube.ide.mcu.externaltools.gnu-tools-for-stm32.12.3.rel1.win32_1.0.200.202406191623/tools/bin/../lib/gcc/arm-none-eabi/12.3.1/thumb/v7e-m+fp/hard\libgcc.a
LOAD E:/BTVN/Nam 3/Vi xu ly/STM32CubeIDE_1.7.0/STM32CubeIDE/plugins/com.st.stm32cube.ide.mcu.externaltools.gnu-tools-for-stm32.12.3.rel1.win32_1.0.200.202406191623/tools/bin/../lib/gcc/arm-none-eabi/12.3.1/../../../../arm-none-eabi/lib/thumb/v7e-m+fp/hard\libc_nano.a
END GROUP
START GROUP
LOAD E:/BTVN/Nam 3/Vi xu ly/STM32CubeIDE_1.7.0/STM32CubeIDE/plugins/com.st.stm32cube.ide.mcu.externaltools.gnu-tools-for-stm32.12.3.rel1.win32_1.0.200.202406191623/tools/bin/../lib/gcc/arm-none-eabi/12.3.1/thumb/v7e-m+fp/hard\libgcc.a
LOAD E:/BTVN/Nam 3/Vi xu ly/STM32CubeIDE_1.7.0/STM32CubeIDE/plugins/com.st.stm32cube.ide.mcu.externaltools.gnu-tools-for-stm32.12.3.rel1.win32_1.0.200.202406191623/tools/bin/../lib/gcc/arm-none-eabi/12.3.1/../../../../arm-none-eabi/lib/thumb/v7e-m+fp/hard\libc_nano.a
LOAD E:/BTVN/Nam 3/Vi xu ly/STM32CubeIDE_1.7.0/STM32CubeIDE/plugins/com.st.stm32cube.ide.mcu.externaltools.gnu-tools-for-stm32.12.3.rel1.win32_1.0.200.202406191623/tools/bin/../lib/gcc/arm-none-eabi/12.3.1/../../../../arm-none-eabi/lib/thumb/v7e-m+fp/hard\libnosys.a
END GROUP
START GROUP
LOAD E:/BTVN/Nam 3/Vi xu ly/STM32CubeIDE_1.7.0/STM32CubeIDE/plugins/com.st.stm32cube.ide.mcu.externaltools.gnu-tools-for-stm32.12.3.rel1.win32_1.0.200.202406191623/tools/bin/../lib/gcc/arm-none-eabi/12.3.1/thumb/v7e-m+fp/hard\libgcc.a
LOAD E:/BTVN/Nam 3/Vi xu ly/STM32CubeIDE_1.7.0/STM32CubeIDE/plugins/com.st.stm32cube.ide.mcu.externaltools.gnu-tools-for-stm32.12.3.rel1.win32_1.0.200.202406191623/tools/bin/../lib/gcc/arm-none-eabi/12.3.1/../../../../arm-none-eabi/lib/thumb/v7e-m+fp/hard\libc_nano.a
LOAD E:/BTVN/Nam 3/Vi xu ly/STM32CubeIDE_1.7.0/STM32CubeIDE/plugins/com.st.stm32cube.ide.mcu.externaltools.gnu-tools-for-stm32.12.3.rel1.win32_1.0.200.202406191623/tools/bin/../lib/gcc/arm-none-eabi/12.3.1/../../../../arm-none-eabi/lib/thumb/v7e-m+fp/hard\libnosys.a
END GROUP
LOAD E:/BTVN/Nam 3/Vi xu ly/STM32CubeIDE_1.7.0/STM32CubeIDE/plugins/com.st.stm32cube.ide.mcu.externaltools.gnu-tools-for-stm32.12.3.rel1.win32_1.0.200.202406191623/tools/bin/../lib/gcc/arm-none-eabi/12.3.1/thumb/v7e-m+fp/hard/crtend.o
LOAD E:/BTVN/Nam 3/Vi xu ly/STM32CubeIDE_1.7.0/STM32CubeIDE/plugins/com.st.stm32cube.ide.mcu.externaltools.gnu-tools-for-stm32.12.3.rel1.win32_1.0.200.202406191623/tools/bin/../lib/gcc/arm-none-eabi/12.3.1/thumb/v7e-m+fp/hard/crtn.o
                0x20020000                        _estack = (ORIGIN (RAM) + LENGTH (RAM))
                0x00000200                        _Min_Heap_Size = 0x200
                0x00000400                        _Min_Stack_Size = 0x400

.isr_vector     0x08000000      0x188
                0x08000000                        . = ALIGN (0x4)
 *(.isr_vector)
 .isr_vector    0x08000000      0x188 ./Core/Startup/startup_stm32f407zetx.o
                0x08000000                g_pfnVectors
                0x08000188                        . = ALIGN (0x4)

.text           0x08000188     0x4984
                0x08000188                        . = ALIGN (0x4)
 *(.text)
 .text          0x08000188       0x40 E:/BTVN/Nam 3/Vi xu ly/STM32CubeIDE_1.7.0/STM32CubeIDE/plugins/com.st.stm32cube.ide.mcu.externaltools.gnu-tools-for-stm32.12.3.rel1.win32_1.0.200.202406191623/tools/bin/../lib/gcc/arm-none-eabi/12.3.1/thumb/v7e-m+fp/hard/crtbegin.o
 .text          0x080001c8       0x10 E:/BTVN/Nam 3/Vi xu ly/STM32CubeIDE_1.7.0/STM32CubeIDE/plugins/com.st.stm32cube.ide.mcu.externaltools.gnu-tools-for-stm32.12.3.rel1.win32_1.0.200.202406191623/tools/bin/../lib/gcc/arm-none-eabi/12.3.1/../../../../arm-none-eabi/lib/thumb/v7e-m+fp/hard\libc_nano.a(libc_a-strlen.o)
                0x080001c8                strlen
 .text          0x080001d8       0x30 E:/BTVN/Nam 3/Vi xu ly/STM32CubeIDE_1.7.0/STM32CubeIDE/plugins/com.st.stm32cube.ide.mcu.externaltools.gnu-tools-for-stm32.12.3.rel1.win32_1.0.200.202406191623/tools/bin/../lib/gcc/arm-none-eabi/12.3.1/thumb/v7e-m+fp/hard\libgcc.a(_aeabi_uldivmod.o)
                0x080001d8                __aeabi_uldivmod
 .text          0x08000208      0x2bc E:/BTVN/Nam 3/Vi xu ly/STM32CubeIDE_1.7.0/STM32CubeIDE/plugins/com.st.stm32cube.ide.mcu.externaltools.gnu-tools-for-stm32.12.3.rel1.win32_1.0.200.202406191623/tools/bin/../lib/gcc/arm-none-eabi/12.3.1/thumb/v7e-m+fp/hard\libgcc.a(_udivmoddi4.o)
                0x08000208                __udivmoddi4
 .text          0x080004c4        0x4 E:/BTVN/Nam 3/Vi xu ly/STM32CubeIDE_1.7.0/STM32CubeIDE/plugins/com.st.stm32cube.ide.mcu.externaltools.gnu-tools-for-stm32.12.3.rel1.win32_1.0.200.202406191623/tools/bin/../lib/gcc/arm-none-eabi/12.3.1/thumb/v7e-m+fp/hard\libgcc.a(_dvmd_tls.o)
                0x080004c4                __aeabi_idiv0
                0x080004c4                __aeabi_ldiv0
 *(.text*)
 .text.button_init
                0x080004c8       0x18 ./Core/Src/button.o
                0x080004c8                button_init
 .text.button_Scan
                0x080004e0       0xd8 ./Core/Src/button.o
                0x080004e0                button_Scan
 .text.fsm_auto_run
                0x080005b8       0xf8 ./Core/Src/fsm_auto.o
                0x080005b8                fsm_auto_run
 .text.fsm_tuning_run
                0x080006b0      0x424 ./Core/Src/fsm_tuning.o
                0x080006b0                fsm_tuning_run
 .text.MX_FSMC_Init
                0x08000ad4       0xf4 ./Core/Src/fsmc.o
                0x08000ad4                MX_FSMC_Init
 .text.HAL_FSMC_MspInit
                0x08000bc8       0x98 ./Core/Src/fsmc.o
 .text.HAL_SRAM_MspInit
                0x08000c60       0x14 ./Core/Src/fsmc.o
                0x08000c60                HAL_SRAM_MspInit
 .text.MX_GPIO_Init
                0x08000c74      0x1f0 ./Core/Src/gpio.o
                0x08000c74                MX_GPIO_Init
 .text.LCD_WR_REG
                0x08000e64       0x20 ./Core/Src/lcd.o
                0x08000e64                LCD_WR_REG
 .text.LCD_WR_DATA
                0x08000e84       0x20 ./Core/Src/lcd.o
 .text.LCD_RD_DATA
                0x08000ea4       0x24 ./Core/Src/lcd.o
 .text.lcd_AddressSet
                0x08000ec8       0x98 ./Core/Src/lcd.o
                0x08000ec8                lcd_AddressSet
 .text.lcd_Clear
                0x08000f60       0x64 ./Core/Src/lcd.o
                0x08000f60                lcd_Clear
 .text.lcd_DrawPoint
                0x08000fc4       0x2e ./Core/Src/lcd.o
                0x08000fc4                lcd_DrawPoint
 .text.lcd_DrawLine
                0x08000ff2      0x108 ./Core/Src/lcd.o
                0x08000ff2                lcd_DrawLine
 .text.lcd_DrawRectangle
                0x080010fa       0x6e ./Core/Src/lcd.o
                0x080010fa                lcd_DrawRectangle
 .text.lcd_ShowChar
                0x08001168      0x1a0 ./Core/Src/lcd.o
                0x08001168                lcd_ShowChar
 .text.mypow    0x08001308       0x38 ./Core/Src/lcd.o
                0x08001308                mypow
 .text.lcd_ShowIntNum
                0x08001340       0xfc ./Core/Src/lcd.o
                0x08001340                lcd_ShowIntNum
 .text.lcd_SetDir
                0x0800143c       0x48 ./Core/Src/lcd.o
                0x0800143c                lcd_SetDir
 .text.lcd_init
                0x08001484      0x2c0 ./Core/Src/lcd.o
                0x08001484                lcd_init
 .text._draw_circle_8
                0x08001744      0x116 ./Core/Src/lcd.o
 .text.lcd_DrawCircle
                0x0800185a       0xd8 ./Core/Src/lcd.o
                0x0800185a                lcd_DrawCircle
 *fill*         0x08001932        0x2 
 .text.lcd_ShowStr
                0x08001934       0xc8 ./Core/Src/lcd.o
                0x08001934                lcd_ShowStr
 .text.lcd_StrCenter
                0x080019fc       0x64 ./Core/Src/lcd.o
                0x080019fc                lcd_StrCenter
 .text.lcd_TrafficLight
                0x08001a60      0x1be ./Core/Src/lcd.o
                0x08001a60                lcd_TrafficLight
 *fill*         0x08001c1e        0x2 
 .text.led7_init
                0x08001c20       0x18 ./Core/Src/led_7seg.o
                0x08001c20                led7_init
 .text.led7_Scan
                0x08001c38      0x118 ./Core/Src/led_7seg.o
                0x08001c38                led7_Scan
 .text.main     0x08001d50      0x140 ./Core/Src/main.o
                0x08001d50                main
 .text.SystemClock_Config
                0x08001e90       0xd4 ./Core/Src/main.o
                0x08001e90                SystemClock_Config
 .text.system_init
                0x08001f64       0x40 ./Core/Src/main.o
                0x08001f64                system_init
 .text.Error_Handler
                0x08001fa4        0xc ./Core/Src/main.o
                0x08001fa4                Error_Handler
 .text.timer_init
                0x08001fb0       0x14 ./Core/Src/software_timer.o
                0x08001fb0                timer_init
 .text.setTimer2
                0x08001fc4       0x38 ./Core/Src/software_timer.o
                0x08001fc4                setTimer2
 .text.setTimer3
                0x08001ffc       0x38 ./Core/Src/software_timer.o
                0x08001ffc                setTimer3
 .text.setTimer4
                0x08002034       0x38 ./Core/Src/software_timer.o
                0x08002034                setTimer4
 .text.HAL_TIM_PeriodElapsedCallback
                0x0800206c       0xc0 ./Core/Src/software_timer.o
                0x0800206c                HAL_TIM_PeriodElapsedCallback
 .text.MX_SPI1_Init
                0x0800212c       0x6c ./Core/Src/spi.o
                0x0800212c                MX_SPI1_Init
 .text.HAL_SPI_MspInit
                0x08002198       0x90 ./Core/Src/spi.o
                0x08002198                HAL_SPI_MspInit
 .text.HAL_MspInit
                0x08002228       0x50 ./Core/Src/stm32f4xx_hal_msp.o
                0x08002228                HAL_MspInit
 .text.NMI_Handler
                0x08002278        0x8 ./Core/Src/stm32f4xx_it.o
                0x08002278                NMI_Handler
 .text.HardFault_Handler
                0x08002280        0x8 ./Core/Src/stm32f4xx_it.o
                0x08002280                HardFault_Handler
 .text.MemManage_Handler
                0x08002288        0x8 ./Core/Src/stm32f4xx_it.o
                0x08002288                MemManage_Handler
 .text.BusFault_Handler
                0x08002290        0x8 ./Core/Src/stm32f4xx_it.o
                0x08002290                BusFault_Handler
 .text.UsageFault_Handler
                0x08002298        0x8 ./Core/Src/stm32f4xx_it.o
                0x08002298                UsageFault_Handler
 .text.SVC_Handler
                0x080022a0        0xe ./Core/Src/stm32f4xx_it.o
                0x080022a0                SVC_Handler
 .text.DebugMon_Handler
                0x080022ae        0xe ./Core/Src/stm32f4xx_it.o
                0x080022ae                DebugMon_Handler
 .text.PendSV_Handler
                0x080022bc        0xe ./Core/Src/stm32f4xx_it.o
                0x080022bc                PendSV_Handler
 .text.SysTick_Handler
                0x080022ca        0xc ./Core/Src/stm32f4xx_it.o
                0x080022ca                SysTick_Handler
 *fill*         0x080022d6        0x2 
 .text.TIM2_IRQHandler
                0x080022d8       0x14 ./Core/Src/stm32f4xx_it.o
                0x080022d8                TIM2_IRQHandler
 .text.SystemInit
                0x080022ec       0x24 ./Core/Src/system_stm32f4xx.o
                0x080022ec                SystemInit
 .text.MX_TIM2_Init
                0x08002310       0x98 ./Core/Src/tim.o
                0x08002310                MX_TIM2_Init
 .text.HAL_TIM_Base_MspInit
                0x080023a8       0x4c ./Core/Src/tim.o
                0x080023a8                HAL_TIM_Base_MspInit
 .text.Reset_Handler
                0x080023f4       0x50 ./Core/Startup/startup_stm32f407zetx.o
                0x080023f4                Reset_Handler
 .text.Default_Handler
                0x08002444        0x2 ./Core/Startup/startup_stm32f407zetx.o
                0x08002444                RTC_Alarm_IRQHandler
                0x08002444                HASH_RNG_IRQHandler
                0x08002444                EXTI2_IRQHandler
                0x08002444                TIM8_CC_IRQHandler
                0x08002444                TIM1_CC_IRQHandler
                0x08002444                DMA2_Stream5_IRQHandler
                0x08002444                DMA1_Stream5_IRQHandler
                0x08002444                PVD_IRQHandler
                0x08002444                SDIO_IRQHandler
                0x08002444                TAMP_STAMP_IRQHandler
                0x08002444                CAN2_RX1_IRQHandler
                0x08002444                EXTI3_IRQHandler
                0x08002444                TIM8_TRG_COM_TIM14_IRQHandler
                0x08002444                TIM1_UP_TIM10_IRQHandler
                0x08002444                TIM8_UP_TIM13_IRQHandler
                0x08002444                I2C3_ER_IRQHandler
                0x08002444                EXTI0_IRQHandler
                0x08002444                I2C2_EV_IRQHandler
                0x08002444                DMA1_Stream2_IRQHandler
                0x08002444                CAN1_RX0_IRQHandler
                0x08002444                FPU_IRQHandler
                0x08002444                OTG_HS_WKUP_IRQHandler
                0x08002444                CAN2_SCE_IRQHandler
                0x08002444                DMA2_Stream2_IRQHandler
                0x08002444                SPI1_IRQHandler
                0x08002444                TIM6_DAC_IRQHandler
                0x08002444                TIM1_BRK_TIM9_IRQHandler
                0x08002444                DCMI_IRQHandler
                0x08002444                CAN2_RX0_IRQHandler
                0x08002444                DMA2_Stream3_IRQHandler
                0x08002444                USART6_IRQHandler
                0x08002444                USART3_IRQHandler
                0x08002444                CAN1_RX1_IRQHandler
                0x08002444                UART5_IRQHandler
                0x08002444                DMA2_Stream0_IRQHandler
                0x08002444                TIM4_IRQHandler
                0x08002444                I2C1_EV_IRQHandler
                0x08002444                DMA1_Stream6_IRQHandler
                0x08002444                DMA1_Stream1_IRQHandler
                0x08002444                UART4_IRQHandler
                0x08002444                TIM3_IRQHandler
                0x08002444                RCC_IRQHandler
                0x08002444                TIM8_BRK_TIM12_IRQHandler
                0x08002444                Default_Handler
                0x08002444                EXTI15_10_IRQHandler
                0x08002444                ADC_IRQHandler
                0x08002444                DMA1_Stream7_IRQHandler
                0x08002444                TIM7_IRQHandler
                0x08002444                CAN2_TX_IRQHandler
                0x08002444                TIM5_IRQHandler
                0x08002444                DMA2_Stream7_IRQHandler
                0x08002444                I2C3_EV_IRQHandler
                0x08002444                EXTI9_5_IRQHandler
                0x08002444                RTC_WKUP_IRQHandler
                0x08002444                ETH_WKUP_IRQHandler
                0x08002444                SPI2_IRQHandler
                0x08002444                OTG_HS_EP1_IN_IRQHandler
                0x08002444                DMA1_Stream0_IRQHandler
                0x08002444                CAN1_TX_IRQHandler
                0x08002444                EXTI4_IRQHandler
                0x08002444                FSMC_IRQHandler
                0x08002444                ETH_IRQHandler
                0x08002444                OTG_HS_EP1_OUT_IRQHandler
                0x08002444                WWDG_IRQHandler
                0x08002444                OTG_FS_WKUP_IRQHandler
                0x08002444                TIM1_TRG_COM_TIM11_IRQHandler
                0x08002444                OTG_HS_IRQHandler
                0x08002444                EXTI1_IRQHandler
                0x08002444                USART2_IRQHandler
                0x08002444                I2C2_ER_IRQHandler
                0x08002444                DMA2_Stream1_IRQHandler
                0x08002444                CAN1_SCE_IRQHandler
                0x08002444                FLASH_IRQHandler
                0x08002444                DMA2_Stream4_IRQHandler
                0x08002444                USART1_IRQHandler
                0x08002444                OTG_FS_IRQHandler
                0x08002444                SPI3_IRQHandler
                0x08002444                DMA1_Stream4_IRQHandler
                0x08002444                I2C1_ER_IRQHandler
                0x08002444                DMA2_Stream6_IRQHandler
                0x08002444                DMA1_Stream3_IRQHandler
 *fill*         0x08002446        0x2 
 .text.HAL_Init
                0x08002448       0x44 ./Drivers/STM32F4xx_HAL_Driver/Src/stm32f4xx_hal.o
                0x08002448                HAL_Init
 .text.HAL_InitTick
                0x0800248c       0x60 ./Drivers/STM32F4xx_HAL_Driver/Src/stm32f4xx_hal.o
                0x0800248c                HAL_InitTick
 .text.HAL_IncTick
                0x080024ec       0x28 ./Drivers/STM32F4xx_HAL_Driver/Src/stm32f4xx_hal.o
                0x080024ec                HAL_IncTick
 .text.HAL_GetTick
                0x08002514       0x18 ./Drivers/STM32F4xx_HAL_Driver/Src/stm32f4xx_hal.o
                0x08002514                HAL_GetTick
 .text.HAL_Delay
                0x0800252c       0x48 ./Drivers/STM32F4xx_HAL_Driver/Src/stm32f4xx_hal.o
                0x0800252c                HAL_Delay
 .text.__NVIC_SetPriorityGrouping
                0x08002574       0x48 ./Drivers/STM32F4xx_HAL_Driver/Src/stm32f4xx_hal_cortex.o
 .text.__NVIC_GetPriorityGrouping
                0x080025bc       0x1c ./Drivers/STM32F4xx_HAL_Driver/Src/stm32f4xx_hal_cortex.o
 .text.__NVIC_EnableIRQ
                0x080025d8       0x3c ./Drivers/STM32F4xx_HAL_Driver/Src/stm32f4xx_hal_cortex.o
 .text.__NVIC_SetPriority
                0x08002614       0x54 ./Drivers/STM32F4xx_HAL_Driver/Src/stm32f4xx_hal_cortex.o
 .text.NVIC_EncodePriority
                0x08002668       0x66 ./Drivers/STM32F4xx_HAL_Driver/Src/stm32f4xx_hal_cortex.o
 *fill*         0x080026ce        0x2 
 .text.SysTick_Config
                0x080026d0       0x44 ./Drivers/STM32F4xx_HAL_Driver/Src/stm32f4xx_hal_cortex.o
 .text.HAL_NVIC_SetPriorityGrouping
                0x08002714       0x16 ./Drivers/STM32F4xx_HAL_Driver/Src/stm32f4xx_hal_cortex.o
                0x08002714                HAL_NVIC_SetPriorityGrouping
 .text.HAL_NVIC_SetPriority
                0x0800272a       0x38 ./Drivers/STM32F4xx_HAL_Driver/Src/stm32f4xx_hal_cortex.o
                0x0800272a                HAL_NVIC_SetPriority
 .text.HAL_NVIC_EnableIRQ
                0x08002762       0x1c ./Drivers/STM32F4xx_HAL_Driver/Src/stm32f4xx_hal_cortex.o
                0x08002762                HAL_NVIC_EnableIRQ
 .text.HAL_SYSTICK_Config
                0x0800277e       0x18 ./Drivers/STM32F4xx_HAL_Driver/Src/stm32f4xx_hal_cortex.o
                0x0800277e                HAL_SYSTICK_Config
 *fill*         0x08002796        0x2 
 .text.HAL_GPIO_Init
                0x08002798      0x338 ./Drivers/STM32F4xx_HAL_Driver/Src/stm32f4xx_hal_gpio.o
                0x08002798                HAL_GPIO_Init
 .text.HAL_GPIO_WritePin
                0x08002ad0       0x32 ./Drivers/STM32F4xx_HAL_Driver/Src/stm32f4xx_hal_gpio.o
                0x08002ad0                HAL_GPIO_WritePin
 *fill*         0x08002b02        0x2 
 .text.HAL_RCC_OscConfig
                0x08002b04      0x4f0 ./Drivers/STM32F4xx_HAL_Driver/Src/stm32f4xx_hal_rcc.o
                0x08002b04                HAL_RCC_OscConfig
 .text.HAL_RCC_ClockConfig
                0x08002ff4      0x1cc ./Drivers/STM32F4xx_HAL_Driver/Src/stm32f4xx_hal_rcc.o
                0x08002ff4                HAL_RCC_ClockConfig
 .text.HAL_RCC_GetSysClockFreq
                0x080031c0      0x20c ./Drivers/STM32F4xx_HAL_Driver/Src/stm32f4xx_hal_rcc.o
                0x080031c0                HAL_RCC_GetSysClockFreq
 .text.HAL_SPI_Init
                0x080033cc      0x112 ./Drivers/STM32F4xx_HAL_Driver/Src/stm32f4xx_hal_spi.o
                0x080033cc                HAL_SPI_Init
 .text.HAL_SPI_Transmit
                0x080034de      0x288 ./Drivers/STM32F4xx_HAL_Driver/Src/stm32f4xx_hal_spi.o
                0x080034de                HAL_SPI_Transmit
 .text.HAL_SPI_Receive
                0x08003766      0x232 ./Drivers/STM32F4xx_HAL_Driver/Src/stm32f4xx_hal_spi.o
                0x08003766                HAL_SPI_Receive
 .text.HAL_SPI_TransmitReceive
                0x08003998      0x352 ./Drivers/STM32F4xx_HAL_Driver/Src/stm32f4xx_hal_spi.o
                0x08003998                HAL_SPI_TransmitReceive
 *fill*         0x08003cea        0x2 
 .text.SPI_WaitFlagStateUntilTimeout
                0x08003cec      0x110 ./Drivers/STM32F4xx_HAL_Driver/Src/stm32f4xx_hal_spi.o
 .text.SPI_EndRxTransaction
                0x08003dfc       0xca ./Drivers/STM32F4xx_HAL_Driver/Src/stm32f4xx_hal_spi.o
 *fill*         0x08003ec6        0x2 
 .text.SPI_EndRxTxTransaction
                0x08003ec8       0xa8 ./Drivers/STM32F4xx_HAL_Driver/Src/stm32f4xx_hal_spi.o
 .text.HAL_SRAM_Init
                0x08003f70       0x90 ./Drivers/STM32F4xx_HAL_Driver/Src/stm32f4xx_hal_sram.o
                0x08003f70                HAL_SRAM_Init
 .text.HAL_TIM_Base_Init
                0x08004000       0x9e ./Drivers/STM32F4xx_HAL_Driver/Src/stm32f4xx_hal_tim.o
                0x08004000                HAL_TIM_Base_Init
 *fill*         0x0800409e        0x2 
 .text.HAL_TIM_Base_Start_IT
                0x080040a0       0xe0 ./Drivers/STM32F4xx_HAL_Driver/Src/stm32f4xx_hal_tim.o
                0x080040a0                HAL_TIM_Base_Start_IT
 .text.HAL_TIM_IRQHandler
                0x08004180      0x1e0 ./Drivers/STM32F4xx_HAL_Driver/Src/stm32f4xx_hal_tim.o
                0x08004180                HAL_TIM_IRQHandler
 .text.HAL_TIM_ConfigClockSource
                0x08004360      0x18e ./Drivers/STM32F4xx_HAL_Driver/Src/stm32f4xx_hal_tim.o
                0x08004360                HAL_TIM_ConfigClockSource
 .text.HAL_TIM_OC_DelayElapsedCallback
                0x080044ee       0x14 ./Drivers/STM32F4xx_HAL_Driver/Src/stm32f4xx_hal_tim.o
                0x080044ee                HAL_TIM_OC_DelayElapsedCallback
 .text.HAL_TIM_IC_CaptureCallback
                0x08004502       0x14 ./Drivers/STM32F4xx_HAL_Driver/Src/stm32f4xx_hal_tim.o
                0x08004502                HAL_TIM_IC_CaptureCallback
 .text.HAL_TIM_PWM_PulseFinishedCallback
                0x08004516       0x14 ./Drivers/STM32F4xx_HAL_Driver/Src/stm32f4xx_hal_tim.o
                0x08004516                HAL_TIM_PWM_PulseFinishedCallback
 .text.HAL_TIM_TriggerCallback
                0x0800452a       0x14 ./Drivers/STM32F4xx_HAL_Driver/Src/stm32f4xx_hal_tim.o
                0x0800452a                HAL_TIM_TriggerCallback
 *fill*         0x0800453e        0x2 
 .text.TIM_Base_SetConfig
                0x08004540      0x158 ./Drivers/STM32F4xx_HAL_Driver/Src/stm32f4xx_hal_tim.o
                0x08004540                TIM_Base_SetConfig
 .text.TIM_TI1_ConfigInputStage
                0x08004698       0x5e ./Drivers/STM32F4xx_HAL_Driver/Src/stm32f4xx_hal_tim.o
 .text.TIM_TI2_ConfigInputStage
                0x080046f6       0x60 ./Drivers/STM32F4xx_HAL_Driver/Src/stm32f4xx_hal_tim.o
 .text.TIM_ITRx_SetConfig
                0x08004756       0x36 ./Drivers/STM32F4xx_HAL_Driver/Src/stm32f4xx_hal_tim.o
 .text.TIM_ETR_SetConfig
                0x0800478c       0x40 ./Drivers/STM32F4xx_HAL_Driver/Src/stm32f4xx_hal_tim.o
                0x0800478c                TIM_ETR_SetConfig
 .text.HAL_TIMEx_MasterConfigSynchronization
                0x080047cc       0xf8 ./Drivers/STM32F4xx_HAL_Driver/Src/stm32f4xx_hal_tim_ex.o
                0x080047cc                HAL_TIMEx_MasterConfigSynchronization
 .text.HAL_TIMEx_CommutCallback
                0x080048c4       0x14 ./Drivers/STM32F4xx_HAL_Driver/Src/stm32f4xx_hal_tim_ex.o
                0x080048c4                HAL_TIMEx_CommutCallback
 .text.HAL_TIMEx_BreakCallback
                0x080048d8       0x14 ./Drivers/STM32F4xx_HAL_Driver/Src/stm32f4xx_hal_tim_ex.o
                0x080048d8                HAL_TIMEx_BreakCallback
 .text.FSMC_NORSRAM_Init
                0x080048ec       0xd4 ./Drivers/STM32F4xx_HAL_Driver/Src/stm32f4xx_ll_fsmc.o
                0x080048ec                FSMC_NORSRAM_Init
 .text.FSMC_NORSRAM_Timing_Init
                0x080049c0       0x6a ./Drivers/STM32F4xx_HAL_Driver/Src/stm32f4xx_ll_fsmc.o
                0x080049c0                FSMC_NORSRAM_Timing_Init
 *fill*         0x08004a2a        0x2 
 .text.FSMC_NORSRAM_Extended_Timing_Init
                0x08004a2c       0x70 ./Drivers/STM32F4xx_HAL_Driver/Src/stm32f4xx_ll_fsmc.o
                0x08004a2c                FSMC_NORSRAM_Extended_Timing_Init
 .text.memset   0x08004a9c       0x10 E:/BTVN/Nam 3/Vi xu ly/STM32CubeIDE_1.7.0/STM32CubeIDE/plugins/com.st.stm32cube.ide.mcu.externaltools.gnu-tools-for-stm32.12.3.rel1.win32_1.0.200.202406191623/tools/bin/../lib/gcc/arm-none-eabi/12.3.1/../../../../arm-none-eabi/lib/thumb/v7e-m+fp/hard\libc_nano.a(libc_a-memset.o)
                0x08004a9c                memset
 .text.__libc_init_array
                0x08004aac       0x48 E:/BTVN/Nam 3/Vi xu ly/STM32CubeIDE_1.7.0/STM32CubeIDE/plugins/com.st.stm32cube.ide.mcu.externaltools.gnu-tools-for-stm32.12.3.rel1.win32_1.0.200.202406191623/tools/bin/../lib/gcc/arm-none-eabi/12.3.1/../../../../arm-none-eabi/lib/thumb/v7e-m+fp/hard\libc_nano.a(libc_a-init.o)
                0x08004aac                __libc_init_array
 *(.glue_7)
 .glue_7        0x08004af4        0x0 linker stubs
 *(.glue_7t)
 .glue_7t       0x08004af4        0x0 linker stubs
 *(.eh_frame)
 .eh_frame      0x08004af4        0x0 E:/BTVN/Nam 3/Vi xu ly/STM32CubeIDE_1.7.0/STM32CubeIDE/plugins/com.st.stm32cube.ide.mcu.externaltools.gnu-tools-for-stm32.12.3.rel1.win32_1.0.200.202406191623/tools/bin/../lib/gcc/arm-none-eabi/12.3.1/thumb/v7e-m+fp/hard/crtbegin.o
 *(.init)
 .init          0x08004af4        0x4 E:/BTVN/Nam 3/Vi xu ly/STM32CubeIDE_1.7.0/STM32CubeIDE/plugins/com.st.stm32cube.ide.mcu.externaltools.gnu-tools-for-stm32.12.3.rel1.win32_1.0.200.202406191623/tools/bin/../lib/gcc/arm-none-eabi/12.3.1/thumb/v7e-m+fp/hard/crti.o
                0x08004af4                _init
 .init          0x08004af8        0x8 E:/BTVN/Nam 3/Vi xu ly/STM32CubeIDE_1.7.0/STM32CubeIDE/plugins/com.st.stm32cube.ide.mcu.externaltools.gnu-tools-for-stm32.12.3.rel1.win32_1.0.200.202406191623/tools/bin/../lib/gcc/arm-none-eabi/12.3.1/thumb/v7e-m+fp/hard/crtn.o
 *(.fini)
 .fini          0x08004b00        0x4 E:/BTVN/Nam 3/Vi xu ly/STM32CubeIDE_1.7.0/STM32CubeIDE/plugins/com.st.stm32cube.ide.mcu.externaltools.gnu-tools-for-stm32.12.3.rel1.win32_1.0.200.202406191623/tools/bin/../lib/gcc/arm-none-eabi/12.3.1/thumb/v7e-m+fp/hard/crti.o
                0x08004b00                _fini
 .fini          0x08004b04        0x8 E:/BTVN/Nam 3/Vi xu ly/STM32CubeIDE_1.7.0/STM32CubeIDE/plugins/com.st.stm32cube.ide.mcu.externaltools.gnu-tools-for-stm32.12.3.rel1.win32_1.0.200.202406191623/tools/bin/../lib/gcc/arm-none-eabi/12.3.1/thumb/v7e-m+fp/hard/crtn.o
                0x08004b0c                        . = ALIGN (0x4)
                0x08004b0c                        _etext = .

.vfp11_veneer   0x08004b0c        0x0
 .vfp11_veneer  0x08004b0c        0x0 linker stubs

.v4_bx          0x08004b0c        0x0
 .v4_bx         0x08004b0c        0x0 linker stubs

.iplt           0x08004b0c        0x0
 .iplt          0x08004b0c        0x0 E:/BTVN/Nam 3/Vi xu ly/STM32CubeIDE_1.7.0/STM32CubeIDE/plugins/com.st.stm32cube.ide.mcu.externaltools.gnu-tools-for-stm32.12.3.rel1.win32_1.0.200.202406191623/tools/bin/../lib/gcc/arm-none-eabi/12.3.1/thumb/v7e-m+fp/hard/crtbegin.o

.rodata         0x08004b0c     0x2ff4
                0x08004b0c                        . = ALIGN (0x4)
 *(.rodata)
 .rodata        0x08004b0c       0x3b ./Core/Src/fsm_tuning.o
 *fill*         0x08004b47        0x1 
 .rodata        0x08004b48       0x28 ./Core/Src/main.o
 *(.rodata*)
 .rodata.ascii_1608
                0x08004b70      0x5f0 ./Core/Src/lcd.o
                0x08004b70                ascii_1608
 .rodata.ascii_2412
                0x08005160     0x11d0 ./Core/Src/lcd.o
                0x08005160                ascii_2412
 .rodata.ascii_3216
                0x08006330     0x17c0 ./Core/Src/lcd.o
                0x08006330                ascii_3216
 .rodata.AHBPrescTable
                0x08007af0       0x10 ./Core/Src/system_stm32f4xx.o
                0x08007af0                AHBPrescTable
                0x08007b00                        . = ALIGN (0x4)

.ARM.extab      0x08007b00        0x0
                0x08007b00                        . = ALIGN (0x4)
 *(.ARM.extab* .gnu.linkonce.armextab.*)
                0x08007b00                        . = ALIGN (0x4)

.ARM            0x08007b00        0x8
                0x08007b00                        . = ALIGN (0x4)
                0x08007b00                        __exidx_start = .
 *(.ARM.exidx*)
 .ARM.exidx     0x08007b00        0x8 E:/BTVN/Nam 3/Vi xu ly/STM32CubeIDE_1.7.0/STM32CubeIDE/plugins/com.st.stm32cube.ide.mcu.externaltools.gnu-tools-for-stm32.12.3.rel1.win32_1.0.200.202406191623/tools/bin/../lib/gcc/arm-none-eabi/12.3.1/../../../../arm-none-eabi/lib/thumb/v7e-m+fp/hard\libc_nano.a(libc_a-strlen.o)
 .ARM.exidx     0x08007b08        0x0 E:/BTVN/Nam 3/Vi xu ly/STM32CubeIDE_1.7.0/STM32CubeIDE/plugins/com.st.stm32cube.ide.mcu.externaltools.gnu-tools-for-stm32.12.3.rel1.win32_1.0.200.202406191623/tools/bin/../lib/gcc/arm-none-eabi/12.3.1/thumb/v7e-m+fp/hard\libgcc.a(_udivmoddi4.o)
                                  0x8 (size before relaxing)
                0x08007b08                        __exidx_end = .
                0x08007b08                        . = ALIGN (0x4)

.rel.dyn        0x08007b08        0x0
 .rel.iplt      0x08007b08        0x0 E:/BTVN/Nam 3/Vi xu ly/STM32CubeIDE_1.7.0/STM32CubeIDE/plugins/com.st.stm32cube.ide.mcu.externaltools.gnu-tools-for-stm32.12.3.rel1.win32_1.0.200.202406191623/tools/bin/../lib/gcc/arm-none-eabi/12.3.1/thumb/v7e-m+fp/hard/crtbegin.o

.preinit_array  0x08007b08        0x0
                0x08007b08                        . = ALIGN (0x4)
                0x08007b08                        PROVIDE (__preinit_array_start = .)
 *(.preinit_array*)
                0x08007b08                        PROVIDE (__preinit_array_end = .)
                0x08007b08                        . = ALIGN (0x4)

.init_array     0x08007b08        0x4
                0x08007b08                        . = ALIGN (0x4)
                0x08007b08                        PROVIDE (__init_array_start = .)
 *(SORT_BY_NAME(.init_array.*))
 *(.init_array*)
 .init_array    0x08007b08        0x4 E:/BTVN/Nam 3/Vi xu ly/STM32CubeIDE_1.7.0/STM32CubeIDE/plugins/com.st.stm32cube.ide.mcu.externaltools.gnu-tools-for-stm32.12.3.rel1.win32_1.0.200.202406191623/tools/bin/../lib/gcc/arm-none-eabi/12.3.1/thumb/v7e-m+fp/hard/crtbegin.o
                0x08007b0c                        PROVIDE (__init_array_end = .)
                0x08007b0c                        . = ALIGN (0x4)

.fini_array     0x08007b0c        0x4
                0x08007b0c                        . = ALIGN (0x4)
                [!provide]                        PROVIDE (__fini_array_start = .)
 *(SORT_BY_NAME(.fini_array.*))
 *(.fini_array*)
 .fini_array    0x08007b0c        0x4 E:/BTVN/Nam 3/Vi xu ly/STM32CubeIDE_1.7.0/STM32CubeIDE/plugins/com.st.stm32cube.ide.mcu.externaltools.gnu-tools-for-stm32.12.3.rel1.win32_1.0.200.202406191623/tools/bin/../lib/gcc/arm-none-eabi/12.3.1/thumb/v7e-m+fp/hard/crtbegin.o
                [!provide]                        PROVIDE (__fini_array_end = .)
                0x08007b10                        . = ALIGN (0x4)
                0x08007b10                        _sidata = LOADADDR (.data)

.data           0x20000000       0x20 load address 0x08007b10
                0x20000000                        . = ALIGN (0x4)
                0x20000000                        _sdata = .
 *(.data)
 *(.data*)
 .data.RED_TIME
                0x20000000        0x4 ./Core/Src/fsm_auto.o
                0x20000000                RED_TIME
 .data.GREEN_TIME
                0x20000004        0x4 ./Core/Src/fsm_auto.o
                0x20000004                GREEN_TIME
 .data.YELLOW_TIME
                0x20000008        0x4 ./Core/Src/fsm_auto.o
                0x20000008                YELLOW_TIME
 .data.led7seg  0x2000000c        0x4 ./Core/Src/led_7seg.o
                0x2000000c                led7seg
 .data.spi_buffer
                0x20000010        0x2 ./Core/Src/led_7seg.o
                0x20000010                spi_buffer
 *fill*         0x20000012        0x2 
 .data.SystemCoreClock
                0x20000014        0x4 ./Core/Src/system_stm32f4xx.o
                0x20000014                SystemCoreClock
 .data.uwTickPrio
                0x20000018        0x4 ./Drivers/STM32F4xx_HAL_Driver/Src/stm32f4xx_hal.o
                0x20000018                uwTickPrio
 .data.uwTickFreq
                0x2000001c        0x1 ./Drivers/STM32F4xx_HAL_Driver/Src/stm32f4xx_hal.o
                0x2000001c                uwTickFreq
 *(.RamFunc)
 *(.RamFunc*)
                0x20000020                        . = ALIGN (0x4)
 *fill*         0x2000001d        0x3 
                0x20000020                        _edata = .
                0x08007b30                        _siccmram = LOADADDR (.ccmram)

.igot.plt       0x20000020        0x0 load address 0x08007b30
 .igot.plt      0x20000020        0x0 E:/BTVN/Nam 3/Vi xu ly/STM32CubeIDE_1.7.0/STM32CubeIDE/plugins/com.st.stm32cube.ide.mcu.externaltools.gnu-tools-for-stm32.12.3.rel1.win32_1.0.200.202406191623/tools/bin/../lib/gcc/arm-none-eabi/12.3.1/thumb/v7e-m+fp/hard/crtbegin.o

.ccmram         0x10000000        0x0 load address 0x08007b30
                0x10000000                        . = ALIGN (0x4)
                0x10000000                        _sccmram = .
 *(.ccmram)
 *(.ccmram*)
                0x10000000                        . = ALIGN (0x4)
                0x10000000                        _eccmram = .
                0x10000000                        . = ALIGN (0x4)

.bss            0x20000020      0x164
                0x20000020                        _sbss = .
                0x20000020                        __bss_start__ = _sbss
 *(.bss)
 .bss           0x20000020       0x1c E:/BTVN/Nam 3/Vi xu ly/STM32CubeIDE_1.7.0/STM32CubeIDE/plugins/com.st.stm32cube.ide.mcu.externaltools.gnu-tools-for-stm32.12.3.rel1.win32_1.0.200.202406191623/tools/bin/../lib/gcc/arm-none-eabi/12.3.1/thumb/v7e-m+fp/hard/crtbegin.o
 *(.bss*)
 .bss.button_count
                0x2000003c       0x20 ./Core/Src/button.o
                0x2000003c                button_count
 .bss.spi_button
                0x2000005c        0x2 ./Core/Src/button.o
                0x2000005c                spi_button
 *fill*         0x2000005e        0x2 
 .bss.light_status
                0x20000060        0x4 ./Core/Src/fsm_auto.o
                0x20000060                light_status
 .bss.status    0x20000064        0x4 ./Core/Src/fsm_tuning.o
                0x20000064                status
 .bss.light_freq
                0x20000068        0x4 ./Core/Src/fsm_tuning.o
                0x20000068                light_freq
 .bss.temp      0x2000006c        0x4 ./Core/Src/fsm_tuning.o
                0x2000006c                temp
 .bss.hsram1    0x20000070       0x50 ./Core/Src/fsmc.o
                0x20000070                hsram1
 .bss.FSMC_Initialized
                0x200000c0        0x4 ./Core/Src/fsmc.o
 .bss.lcddev    0x200000c4        0x6 ./Core/Src/lcd.o
                0x200000c4                lcddev
 .bss.led7_index
                0x200000ca        0x2 ./Core/Src/led_7seg.o
                0x200000ca                led7_index
 .bss.flag_timer2
                0x200000cc        0x2 ./Core/Src/software_timer.o
                0x200000cc                flag_timer2
 .bss.timer2_counter
                0x200000ce        0x2 ./Core/Src/software_timer.o
                0x200000ce                timer2_counter
 .bss.timer2_MUL
                0x200000d0        0x2 ./Core/Src/software_timer.o
                0x200000d0                timer2_MUL
 .bss.flag_timer3
                0x200000d2        0x2 ./Core/Src/software_timer.o
                0x200000d2                flag_timer3
 .bss.timer3_counter
                0x200000d4        0x2 ./Core/Src/software_timer.o
                0x200000d4                timer3_counter
 .bss.timer3_MUL
                0x200000d6        0x2 ./Core/Src/software_timer.o
                0x200000d6                timer3_MUL
 .bss.flag_timer4
                0x200000d8        0x2 ./Core/Src/software_timer.o
                0x200000d8                flag_timer4
 .bss.timer4_counter
                0x200000da        0x2 ./Core/Src/software_timer.o
                0x200000da                timer4_counter
 .bss.timer4_MUL
                0x200000dc        0x2 ./Core/Src/software_timer.o
                0x200000dc                timer4_MUL
 *fill*         0x200000de        0x2 
 .bss.hspi1     0x200000e0       0x58 ./Core/Src/spi.o
                0x200000e0                hspi1
 .bss.htim2     0x20000138       0x48 ./Core/Src/tim.o
                0x20000138                htim2
 .bss.uwTick    0x20000180        0x4 ./Drivers/STM32F4xx_HAL_Driver/Src/stm32f4xx_hal.o
                0x20000180                uwTick
 *(COMMON)
                0x20000184                        . = ALIGN (0x4)
                0x20000184                        _ebss = .
                0x20000184                        __bss_end__ = _ebss

._user_heap_stack
                0x20000184      0x604
                0x20000188                        . = ALIGN (0x8)
 *fill*         0x20000184        0x4 
                [!provide]                        PROVIDE (end = .)
                0x20000188                        PROVIDE (_end = .)
                0x20000388                        . = (. + _Min_Heap_Size)
 *fill*         0x20000188      0x200 
                0x20000788                        . = (. + _Min_Stack_Size)
 *fill*         0x20000388      0x400 
                0x20000788                        . = ALIGN (0x8)

/DISCARD/
 libc.a(*)
 libm.a(*)
 libgcc.a(*)

.ARM.attributes
                0x00000000       0x30
 *(.ARM.attributes)
 .ARM.attributes
                0x00000000       0x22 E:/BTVN/Nam 3/Vi xu ly/STM32CubeIDE_1.7.0/STM32CubeIDE/plugins/com.st.stm32cube.ide.mcu.externaltools.gnu-tools-for-stm32.12.3.rel1.win32_1.0.200.202406191623/tools/bin/../lib/gcc/arm-none-eabi/12.3.1/thumb/v7e-m+fp/hard/crti.o
 .ARM.attributes
                0x00000022       0x34 E:/BTVN/Nam 3/Vi xu ly/STM32CubeIDE_1.7.0/STM32CubeIDE/plugins/com.st.stm32cube.ide.mcu.externaltools.gnu-tools-for-stm32.12.3.rel1.win32_1.0.200.202406191623/tools/bin/../lib/gcc/arm-none-eabi/12.3.1/thumb/v7e-m+fp/hard/crtbegin.o
 .ARM.attributes
                0x00000056       0x34 ./Core/Src/button.o
 .ARM.attributes
                0x0000008a       0x34 ./Core/Src/fsm_auto.o
 .ARM.attributes
                0x000000be       0x34 ./Core/Src/fsm_tuning.o
 .ARM.attributes
                0x000000f2       0x34 ./Core/Src/fsmc.o
 .ARM.attributes
                0x00000126       0x34 ./Core/Src/gpio.o
 .ARM.attributes
                0x0000015a       0x34 ./Core/Src/lcd.o
 .ARM.attributes
                0x0000018e       0x34 ./Core/Src/led_7seg.o
 .ARM.attributes
                0x000001c2       0x34 ./Core/Src/main.o
 .ARM.attributes
                0x000001f6       0x34 ./Core/Src/software_timer.o
 .ARM.attributes
                0x0000022a       0x34 ./Core/Src/spi.o
 .ARM.attributes
                0x0000025e       0x34 ./Core/Src/stm32f4xx_hal_msp.o
 .ARM.attributes
                0x00000292       0x34 ./Core/Src/stm32f4xx_it.o
 .ARM.attributes
                0x000002c6       0x34 ./Core/Src/system_stm32f4xx.o
 .ARM.attributes
                0x000002fa       0x34 ./Core/Src/tim.o
 .ARM.attributes
                0x0000032e       0x21 ./Core/Startup/startup_stm32f407zetx.o
 .ARM.attributes
                0x0000034f       0x34 ./Drivers/STM32F4xx_HAL_Driver/Src/stm32f4xx_hal.o
 .ARM.attributes
                0x00000383       0x34 ./Drivers/STM32F4xx_HAL_Driver/Src/stm32f4xx_hal_cortex.o
 .ARM.attributes
                0x000003b7       0x34 ./Drivers/STM32F4xx_HAL_Driver/Src/stm32f4xx_hal_gpio.o
 .ARM.attributes
                0x000003eb       0x34 ./Drivers/STM32F4xx_HAL_Driver/Src/stm32f4xx_hal_rcc.o
 .ARM.attributes
                0x0000041f       0x34 ./Drivers/STM32F4xx_HAL_Driver/Src/stm32f4xx_hal_spi.o
 .ARM.attributes
                0x00000453       0x34 ./Drivers/STM32F4xx_HAL_Driver/Src/stm32f4xx_hal_sram.o
 .ARM.attributes
                0x00000487       0x34 ./Drivers/STM32F4xx_HAL_Driver/Src/stm32f4xx_hal_tim.o
 .ARM.attributes
                0x000004bb       0x34 ./Drivers/STM32F4xx_HAL_Driver/Src/stm32f4xx_hal_tim_ex.o
 .ARM.attributes
                0x000004ef       0x34 ./Drivers/STM32F4xx_HAL_Driver/Src/stm32f4xx_ll_fsmc.o
 .ARM.attributes
                0x00000523       0x34 E:/BTVN/Nam 3/Vi xu ly/STM32CubeIDE_1.7.0/STM32CubeIDE/plugins/com.st.stm32cube.ide.mcu.externaltools.gnu-tools-for-stm32.12.3.rel1.win32_1.0.200.202406191623/tools/bin/../lib/gcc/arm-none-eabi/12.3.1/../../../../arm-none-eabi/lib/thumb/v7e-m+fp/hard\libc_nano.a(libc_a-memset.o)
 .ARM.attributes
                0x00000557       0x34 E:/BTVN/Nam 3/Vi xu ly/STM32CubeIDE_1.7.0/STM32CubeIDE/plugins/com.st.stm32cube.ide.mcu.externaltools.gnu-tools-for-stm32.12.3.rel1.win32_1.0.200.202406191623/tools/bin/../lib/gcc/arm-none-eabi/12.3.1/../../../../arm-none-eabi/lib/thumb/v7e-m+fp/hard\libc_nano.a(libc_a-init.o)
 .ARM.attributes
                0x0000058b       0x17 E:/BTVN/Nam 3/Vi xu ly/STM32CubeIDE_1.7.0/STM32CubeIDE/plugins/com.st.stm32cube.ide.mcu.externaltools.gnu-tools-for-stm32.12.3.rel1.win32_1.0.200.202406191623/tools/bin/../lib/gcc/arm-none-eabi/12.3.1/../../../../arm-none-eabi/lib/thumb/v7e-m+fp/hard\libc_nano.a(libc_a-strlen.o)
 .ARM.attributes
                0x000005a2       0x22 E:/BTVN/Nam 3/Vi xu ly/STM32CubeIDE_1.7.0/STM32CubeIDE/plugins/com.st.stm32cube.ide.mcu.externaltools.gnu-tools-for-stm32.12.3.rel1.win32_1.0.200.202406191623/tools/bin/../lib/gcc/arm-none-eabi/12.3.1/thumb/v7e-m+fp/hard\libgcc.a(_aeabi_uldivmod.o)
 .ARM.attributes
                0x000005c4       0x34 E:/BTVN/Nam 3/Vi xu ly/STM32CubeIDE_1.7.0/STM32CubeIDE/plugins/com.st.stm32cube.ide.mcu.externaltools.gnu-tools-for-stm32.12.3.rel1.win32_1.0.200.202406191623/tools/bin/../lib/gcc/arm-none-eabi/12.3.1/thumb/v7e-m+fp/hard\libgcc.a(_udivmoddi4.o)
 .ARM.attributes
                0x000005f8       0x22 E:/BTVN/Nam 3/Vi xu ly/STM32CubeIDE_1.7.0/STM32CubeIDE/plugins/com.st.stm32cube.ide.mcu.externaltools.gnu-tools-for-stm32.12.3.rel1.win32_1.0.200.202406191623/tools/bin/../lib/gcc/arm-none-eabi/12.3.1/thumb/v7e-m+fp/hard\libgcc.a(_dvmd_tls.o)
 .ARM.attributes
                0x0000061a       0x22 E:/BTVN/Nam 3/Vi xu ly/STM32CubeIDE_1.7.0/STM32CubeIDE/plugins/com.st.stm32cube.ide.mcu.externaltools.gnu-tools-for-stm32.12.3.rel1.win32_1.0.200.202406191623/tools/bin/../lib/gcc/arm-none-eabi/12.3.1/thumb/v7e-m+fp/hard/crtn.o
OUTPUT(Bai3_Lcd_button.elf elf32-littlearm)
LOAD linker stubs
LOAD E:/BTVN/Nam 3/Vi xu ly/STM32CubeIDE_1.7.0/STM32CubeIDE/plugins/com.st.stm32cube.ide.mcu.externaltools.gnu-tools-for-stm32.12.3.rel1.win32_1.0.200.202406191623/tools/bin/../lib/gcc/arm-none-eabi/12.3.1/../../../../arm-none-eabi/lib/thumb/v7e-m+fp/hard\libc.a
LOAD E:/BTVN/Nam 3/Vi xu ly/STM32CubeIDE_1.7.0/STM32CubeIDE/plugins/com.st.stm32cube.ide.mcu.externaltools.gnu-tools-for-stm32.12.3.rel1.win32_1.0.200.202406191623/tools/bin/../lib/gcc/arm-none-eabi/12.3.1/../../../../arm-none-eabi/lib/thumb/v7e-m+fp/hard\libm.a
LOAD E:/BTVN/Nam 3/Vi xu ly/STM32CubeIDE_1.7.0/STM32CubeIDE/plugins/com.st.stm32cube.ide.mcu.externaltools.gnu-tools-for-stm32.12.3.rel1.win32_1.0.200.202406191623/tools/bin/../lib/gcc/arm-none-eabi/12.3.1/thumb/v7e-m+fp/hard\libgcc.a

.debug_info     0x00000000     0xf465
 .debug_info    0x00000000      0x778 ./Core/Src/button.o
 .debug_info    0x00000778      0x16f ./Core/Src/fsm_auto.o
 .debug_info    0x000008e7      0x1f3 ./Core/Src/fsm_tuning.o
 .debug_info    0x00000ada      0x9ee ./Core/Src/fsmc.o
 .debug_info    0x000014c8      0x45d ./Core/Src/gpio.o
 .debug_info    0x00001925      0xde1 ./Core/Src/lcd.o
 .debug_info    0x00002706      0x80d ./Core/Src/led_7seg.o
 .debug_info    0x00002f13      0x8f9 ./Core/Src/main.o
 .debug_info    0x0000380c      0x7db ./Core/Src/software_timer.o
 .debug_info    0x00003fe7      0x94d ./Core/Src/spi.o
 .debug_info    0x00004934      0x269 ./Core/Src/stm32f4xx_hal_msp.o
 .debug_info    0x00004b9d      0x6e1 ./Core/Src/stm32f4xx_it.o
 .debug_info    0x0000527e      0x512 ./Core/Src/system_stm32f4xx.o
 .debug_info    0x00005790      0xc03 ./Core/Src/tim.o
 .debug_info    0x00006393       0x30 ./Core/Startup/startup_stm32f407zetx.o
 .debug_info    0x000063c3      0x944 ./Drivers/STM32F4xx_HAL_Driver/Src/stm32f4xx_hal.o
 .debug_info    0x00006d07      0xd8c ./Drivers/STM32F4xx_HAL_Driver/Src/stm32f4xx_hal_cortex.o
 .debug_info    0x00007a93      0x6c3 ./Drivers/STM32F4xx_HAL_Driver/Src/stm32f4xx_hal_gpio.o
 .debug_info    0x00008156      0x8af ./Drivers/STM32F4xx_HAL_Driver/Src/stm32f4xx_hal_rcc.o
 .debug_info    0x00008a05     0x1525 ./Drivers/STM32F4xx_HAL_Driver/Src/stm32f4xx_hal_spi.o
 .debug_info    0x00009f2a      0xd39 ./Drivers/STM32F4xx_HAL_Driver/Src/stm32f4xx_hal_sram.o
 .debug_info    0x0000ac63     0x299d ./Drivers/STM32F4xx_HAL_Driver/Src/stm32f4xx_hal_tim.o
 .debug_info    0x0000d600     0x14db ./Drivers/STM32F4xx_HAL_Driver/Src/stm32f4xx_hal_tim_ex.o
 .debug_info    0x0000eadb      0x98a ./Drivers/STM32F4xx_HAL_Driver/Src/stm32f4xx_ll_fsmc.o

.debug_abbrev   0x00000000     0x2cdf
 .debug_abbrev  0x00000000      0x1e4 ./Core/Src/button.o
 .debug_abbrev  0x000001e4       0xbf ./Core/Src/fsm_auto.o
 .debug_abbrev  0x000002a3       0xaf ./Core/Src/fsm_tuning.o
 .debug_abbrev  0x00000352      0x212 ./Core/Src/fsmc.o
 .debug_abbrev  0x00000564      0x152 ./Core/Src/gpio.o
 .debug_abbrev  0x000006b6      0x358 ./Core/Src/lcd.o
 .debug_abbrev  0x00000a0e      0x1d3 ./Core/Src/led_7seg.o
 .debug_abbrev  0x00000be1      0x29b ./Core/Src/main.o
 .debug_abbrev  0x00000e7c      0x1ea ./Core/Src/software_timer.o
 .debug_abbrev  0x00001066      0x1fa ./Core/Src/spi.o
 .debug_abbrev  0x00001260       0xd8 ./Core/Src/stm32f4xx_hal_msp.o
 .debug_abbrev  0x00001338      0x192 ./Core/Src/stm32f4xx_it.o
 .debug_abbrev  0x000014ca      0x11a ./Core/Src/system_stm32f4xx.o
 .debug_abbrev  0x000015e4      0x1f7 ./Core/Src/tim.o
 .debug_abbrev  0x000017db       0x24 ./Core/Startup/startup_stm32f407zetx.o
 .debug_abbrev  0x000017ff      0x214 ./Drivers/STM32F4xx_HAL_Driver/Src/stm32f4xx_hal.o
 .debug_abbrev  0x00001a13      0x31d ./Drivers/STM32F4xx_HAL_Driver/Src/stm32f4xx_hal_cortex.o
 .debug_abbrev  0x00001d30      0x1d4 ./Drivers/STM32F4xx_HAL_Driver/Src/stm32f4xx_hal_gpio.o
 .debug_abbrev  0x00001f04      0x2b7 ./Drivers/STM32F4xx_HAL_Driver/Src/stm32f4xx_hal_rcc.o
 .debug_abbrev  0x000021bb      0x27a ./Drivers/STM32F4xx_HAL_Driver/Src/stm32f4xx_hal_spi.o
 .debug_abbrev  0x00002435      0x20c ./Drivers/STM32F4xx_HAL_Driver/Src/stm32f4xx_hal_sram.o
 .debug_abbrev  0x00002641      0x278 ./Drivers/STM32F4xx_HAL_Driver/Src/stm32f4xx_hal_tim.o
 .debug_abbrev  0x000028b9      0x283 ./Drivers/STM32F4xx_HAL_Driver/Src/stm32f4xx_hal_tim_ex.o
 .debug_abbrev  0x00002b3c      0x1a3 ./Drivers/STM32F4xx_HAL_Driver/Src/stm32f4xx_ll_fsmc.o

.debug_aranges  0x00000000      0xf48
 .debug_aranges
                0x00000000       0x28 ./Core/Src/button.o
 .debug_aranges
                0x00000028       0x28 ./Core/Src/fsm_auto.o
 .debug_aranges
                0x00000050       0x20 ./Core/Src/fsm_tuning.o
 .debug_aranges
                0x00000070       0x40 ./Core/Src/fsmc.o
 .debug_aranges
                0x000000b0       0x20 ./Core/Src/gpio.o
 .debug_aranges
                0x000000d0       0xe8 ./Core/Src/lcd.o
 .debug_aranges
                0x000001b8       0x48 ./Core/Src/led_7seg.o
 .debug_aranges
                0x00000200       0x68 ./Core/Src/main.o
 .debug_aranges
                0x00000268       0x40 ./Core/Src/software_timer.o
 .debug_aranges
                0x000002a8       0x30 ./Core/Src/spi.o
 .debug_aranges
                0x000002d8       0x20 ./Core/Src/stm32f4xx_hal_msp.o
 .debug_aranges
                0x000002f8       0x68 ./Core/Src/stm32f4xx_it.o
 .debug_aranges
                0x00000360       0x28 ./Core/Src/system_stm32f4xx.o
 .debug_aranges
                0x00000388       0x30 ./Core/Src/tim.o
 .debug_aranges
                0x000003b8       0x28 ./Core/Startup/startup_stm32f407zetx.o
 .debug_aranges
                0x000003e0       0xf0 ./Drivers/STM32F4xx_HAL_Driver/Src/stm32f4xx_hal.o
 .debug_aranges
                0x000004d0      0x130 ./Drivers/STM32F4xx_HAL_Driver/Src/stm32f4xx_hal_cortex.o
 .debug_aranges
                0x00000600       0x58 ./Drivers/STM32F4xx_HAL_Driver/Src/stm32f4xx_hal_gpio.o
 .debug_aranges
                0x00000658       0x88 ./Drivers/STM32F4xx_HAL_Driver/Src/stm32f4xx_hal_rcc.o
 .debug_aranges
                0x000006e0      0x1d0 ./Drivers/STM32F4xx_HAL_Driver/Src/stm32f4xx_hal_spi.o
 .debug_aranges
                0x000008b0       0xb8 ./Drivers/STM32F4xx_HAL_Driver/Src/stm32f4xx_hal_sram.o
 .debug_aranges
                0x00000968      0x3d0 ./Drivers/STM32F4xx_HAL_Driver/Src/stm32f4xx_hal_tim.o
 .debug_aranges
                0x00000d38      0x168 ./Drivers/STM32F4xx_HAL_Driver/Src/stm32f4xx_hal_tim_ex.o
 .debug_aranges
                0x00000ea0       0xa8 ./Drivers/STM32F4xx_HAL_Driver/Src/stm32f4xx_ll_fsmc.o

.debug_rnglists
                0x00000000      0xba2
 .debug_rnglists
                0x00000000       0x1a ./Core/Src/button.o
 .debug_rnglists
                0x0000001a       0x1a ./Core/Src/fsm_auto.o
 .debug_rnglists
                0x00000034       0x14 ./Core/Src/fsm_tuning.o
 .debug_rnglists
                0x00000048       0x2d ./Core/Src/fsmc.o
 .debug_rnglists
                0x00000075       0x14 ./Core/Src/gpio.o
 .debug_rnglists
                0x00000089       0xb5 ./Core/Src/lcd.o
 .debug_rnglists
                0x0000013e       0x32 ./Core/Src/led_7seg.o
 .debug_rnglists
                0x00000170       0x4c ./Core/Src/main.o
 .debug_rnglists
                0x000001bc       0x2c ./Core/Src/software_timer.o
 .debug_rnglists
                0x000001e8       0x20 ./Core/Src/spi.o
 .debug_rnglists
                0x00000208       0x13 ./Core/Src/stm32f4xx_hal_msp.o
 .debug_rnglists
                0x0000021b       0x49 ./Core/Src/stm32f4xx_it.o
 .debug_rnglists
                0x00000264       0x1a ./Core/Src/system_stm32f4xx.o
 .debug_rnglists
                0x0000027e       0x20 ./Core/Src/tim.o
 .debug_rnglists
                0x0000029e       0x19 ./Core/Startup/startup_stm32f407zetx.o
 .debug_rnglists
                0x000002b7       0xaf ./Drivers/STM32F4xx_HAL_Driver/Src/stm32f4xx_hal.o
 .debug_rnglists
                0x00000366       0xe0 ./Drivers/STM32F4xx_HAL_Driver/Src/stm32f4xx_hal_cortex.o
 .debug_rnglists
                0x00000446       0x3f ./Drivers/STM32F4xx_HAL_Driver/Src/stm32f4xx_hal_gpio.o
 .debug_rnglists
                0x00000485       0x66 ./Drivers/STM32F4xx_HAL_Driver/Src/stm32f4xx_hal_rcc.o
 .debug_rnglists
                0x000004eb      0x16f ./Drivers/STM32F4xx_HAL_Driver/Src/stm32f4xx_hal_spi.o
 .debug_rnglists
                0x0000065a       0x8d ./Drivers/STM32F4xx_HAL_Driver/Src/stm32f4xx_hal_sram.o
 .debug_rnglists
                0x000006e7      0x31a ./Drivers/STM32F4xx_HAL_Driver/Src/stm32f4xx_hal_tim.o
 .debug_rnglists
                0x00000a01      0x125 ./Drivers/STM32F4xx_HAL_Driver/Src/stm32f4xx_hal_tim_ex.o
 .debug_rnglists
                0x00000b26       0x7c ./Drivers/STM32F4xx_HAL_Driver/Src/stm32f4xx_ll_fsmc.o

.debug_macro    0x00000000    0x22d73
 .debug_macro   0x00000000      0x216 ./Core/Src/button.o
 .debug_macro   0x00000216      0xab4 ./Core/Src/button.o
 .debug_macro   0x00000cca      0x2a1 ./Core/Src/button.o
 .debug_macro   0x00000f6b       0x2e ./Core/Src/button.o
 .debug_macro   0x00000f99       0x2f ./Core/Src/button.o
 .debug_macro   0x00000fc8       0x22 ./Core/Src/button.o
 .debug_macro   0x00000fea       0x8e ./Core/Src/button.o
 .debug_macro   0x00001078       0x51 ./Core/Src/button.o
 .debug_macro   0x000010c9      0x103 ./Core/Src/button.o
 .debug_macro   0x000011cc       0x6a ./Core/Src/button.o
 .debug_macro   0x00001236      0x1df ./Core/Src/button.o
 .debug_macro   0x00001415       0x1c ./Core/Src/button.o
 .debug_macro   0x00001431       0x22 ./Core/Src/button.o
 .debug_macro   0x00001453       0xfb ./Core/Src/button.o
 .debug_macro   0x0000154e     0x1011 ./Core/Src/button.o
 .debug_macro   0x0000255f      0x11f ./Core/Src/button.o
 .debug_macro   0x0000267e    0x15e97 ./Core/Src/button.o
 .debug_macro   0x00018515       0x6d ./Core/Src/button.o
 .debug_macro   0x00018582     0x369a ./Core/Src/button.o
 .debug_macro   0x0001bc1c      0x189 ./Core/Src/button.o
 .debug_macro   0x0001bda5       0x5c ./Core/Src/button.o
 .debug_macro   0x0001be01      0x980 ./Core/Src/button.o
 .debug_macro   0x0001c781      0x9e9 ./Core/Src/button.o
 .debug_macro   0x0001d16a      0x115 ./Core/Src/button.o
 .debug_macro   0x0001d27f      0x13e ./Core/Src/button.o
 .debug_macro   0x0001d3bd       0xa5 ./Core/Src/button.o
 .debug_macro   0x0001d462      0x174 ./Core/Src/button.o
 .debug_macro   0x0001d5d6      0x287 ./Core/Src/button.o
 .debug_macro   0x0001d85d       0x5f ./Core/Src/button.o
 .debug_macro   0x0001d8bc      0x236 ./Core/Src/button.o
 .debug_macro   0x0001daf2      0x12c ./Core/Src/button.o
 .debug_macro   0x0001dc1e      0x21e ./Core/Src/button.o
 .debug_macro   0x0001de3c       0x2e ./Core/Src/button.o
 .debug_macro   0x0001de6a      0x516 ./Core/Src/button.o
 .debug_macro   0x0001e380      0x127 ./Core/Src/button.o
 .debug_macro   0x0001e4a7       0x7e ./Core/Src/button.o
 .debug_macro   0x0001e525       0x89 ./Core/Src/button.o
 .debug_macro   0x0001e5ae      0x225 ./Core/Src/button.o
 .debug_macro   0x0001e7d3      0x8ed ./Core/Src/button.o
 .debug_macro   0x0001f0c0       0x4d ./Core/Src/button.o
 .debug_macro   0x0001f10d      0x12d ./Core/Src/button.o
 .debug_macro   0x0001f23a       0xa0 ./Core/Src/button.o
 .debug_macro   0x0001f2da      0x348 ./Core/Src/fsm_auto.o
 .debug_macro   0x0001f622       0x2a ./Core/Src/fsm_auto.o
 .debug_macro   0x0001f64c       0x61 ./Core/Src/fsm_auto.o
 .debug_macro   0x0001f6ad       0x43 ./Core/Src/fsm_auto.o
 .debug_macro   0x0001f6f0       0x34 ./Core/Src/fsm_auto.o
 .debug_macro   0x0001f724       0x16 ./Core/Src/fsm_auto.o
 .debug_macro   0x0001f73a       0x35 ./Core/Src/fsm_auto.o
 .debug_macro   0x0001f76f       0x16 ./Core/Src/fsm_auto.o
 .debug_macro   0x0001f785       0x43 ./Core/Src/fsm_auto.o
 .debug_macro   0x0001f7c8       0x34 ./Core/Src/fsm_auto.o
 .debug_macro   0x0001f7fc       0x10 ./Core/Src/fsm_auto.o
 .debug_macro   0x0001f80c       0x58 ./Core/Src/fsm_auto.o
 .debug_macro   0x0001f864       0x8e ./Core/Src/fsm_auto.o
 .debug_macro   0x0001f8f2       0x1c ./Core/Src/fsm_auto.o
 .debug_macro   0x0001f90e      0x177 ./Core/Src/fsm_auto.o
 .debug_macro   0x0001fa85      0x369 ./Core/Src/fsm_auto.o
 .debug_macro   0x0001fdee       0x16 ./Core/Src/fsm_auto.o
 .debug_macro   0x0001fe04       0x29 ./Core/Src/fsm_auto.o
 .debug_macro   0x0001fe2d       0x16 ./Core/Src/fsm_auto.o
 .debug_macro   0x0001fe43       0x20 ./Core/Src/fsm_auto.o
 .debug_macro   0x0001fe63       0xca ./Core/Src/fsm_auto.o
 .debug_macro   0x0001ff2d       0x1c ./Core/Src/fsm_auto.o
 .debug_macro   0x0001ff49      0x35c ./Core/Src/fsm_tuning.o
 .debug_macro   0x000202a5      0x202 ./Core/Src/fsmc.o
 .debug_macro   0x000204a7      0x202 ./Core/Src/gpio.o
 .debug_macro   0x000206a9      0x317 ./Core/Src/lcd.o
 .debug_macro   0x000209c0      0x20c ./Core/Src/led_7seg.o
 .debug_macro   0x00020bcc      0x390 ./Core/Src/main.o
 .debug_macro   0x00020f5c      0x22a ./Core/Src/software_timer.o
 .debug_macro   0x00021186      0x202 ./Core/Src/spi.o
 .debug_macro   0x00021388      0x1f8 ./Core/Src/stm32f4xx_hal_msp.o
 .debug_macro   0x00021580      0x202 ./Core/Src/stm32f4xx_it.o
 .debug_macro   0x00021782      0x1e9 ./Core/Src/system_stm32f4xx.o
 .debug_macro   0x0002196b      0x202 ./Core/Src/tim.o
 .debug_macro   0x00021b6d      0x249 ./Drivers/STM32F4xx_HAL_Driver/Src/stm32f4xx_hal.o
 .debug_macro   0x00021db6      0x1e9 ./Drivers/STM32F4xx_HAL_Driver/Src/stm32f4xx_hal_cortex.o
 .debug_macro   0x00021f9f      0x1ef ./Drivers/STM32F4xx_HAL_Driver/Src/stm32f4xx_hal_gpio.o
 .debug_macro   0x0002218e      0x20d ./Drivers/STM32F4xx_HAL_Driver/Src/stm32f4xx_hal_rcc.o
 .debug_macro   0x0002239b      0x1f8 ./Drivers/STM32F4xx_HAL_Driver/Src/stm32f4xx_hal_spi.o
 .debug_macro   0x00022593      0x1e9 ./Drivers/STM32F4xx_HAL_Driver/Src/stm32f4xx_hal_sram.o
 .debug_macro   0x0002277c      0x1ea ./Drivers/STM32F4xx_HAL_Driver/Src/stm32f4xx_hal_tim.o
 .debug_macro   0x00022966      0x1e9 ./Drivers/STM32F4xx_HAL_Driver/Src/stm32f4xx_hal_tim_ex.o
 .debug_macro   0x00022b4f      0x224 ./Drivers/STM32F4xx_HAL_Driver/Src/stm32f4xx_ll_fsmc.o

.debug_line     0x00000000    0x14cf2
 .debug_line    0x00000000      0x8a3 ./Core/Src/button.o
 .debug_line    0x000008a3      0xb15 ./Core/Src/fsm_auto.o
 .debug_line    0x000013b8      0xc02 ./Core/Src/fsm_tuning.o
 .debug_line    0x00001fba      0x918 ./Core/Src/fsmc.o
 .debug_line    0x000028d2      0x876 ./Core/Src/gpio.o
 .debug_line    0x00003148     0x1221 ./Core/Src/lcd.o
 .debug_line    0x00004369      0x913 ./Core/Src/led_7seg.o
 .debug_line    0x00004c7c      0xd2d ./Core/Src/main.o
 .debug_line    0x000059a9      0x8fa ./Core/Src/software_timer.o
 .debug_line    0x000062a3      0x889 ./Core/Src/spi.o
 .debug_line    0x00006b2c      0x818 ./Core/Src/stm32f4xx_hal_msp.o
 .debug_line    0x00007344      0x8f2 ./Core/Src/stm32f4xx_it.o
 .debug_line    0x00007c36      0x89c ./Core/Src/system_stm32f4xx.o
 .debug_line    0x000084d2      0x885 ./Core/Src/tim.o
 .debug_line    0x00008d57       0x7a ./Core/Startup/startup_stm32f407zetx.o
 .debug_line    0x00008dd1      0xb05 ./Drivers/STM32F4xx_HAL_Driver/Src/stm32f4xx_hal.o
 .debug_line    0x000098d6      0xdf7 ./Drivers/STM32F4xx_HAL_Driver/Src/stm32f4xx_hal_cortex.o
 .debug_line    0x0000a6cd      0xc91 ./Drivers/STM32F4xx_HAL_Driver/Src/stm32f4xx_hal_gpio.o
 .debug_line    0x0000b35e      0xe90 ./Drivers/STM32F4xx_HAL_Driver/Src/stm32f4xx_hal_rcc.o
 .debug_line    0x0000c1ee     0x1e23 ./Drivers/STM32F4xx_HAL_Driver/Src/stm32f4xx_hal_spi.o
 .debug_line    0x0000e011      0xe1a ./Drivers/STM32F4xx_HAL_Driver/Src/stm32f4xx_hal_sram.o
 .debug_line    0x0000ee2b     0x38a9 ./Drivers/STM32F4xx_HAL_Driver/Src/stm32f4xx_hal_tim.o
 .debug_line    0x000126d4     0x1afb ./Drivers/STM32F4xx_HAL_Driver/Src/stm32f4xx_hal_tim_ex.o
 .debug_line    0x000141cf      0xb23 ./Drivers/STM32F4xx_HAL_Driver/Src/stm32f4xx_ll_fsmc.o

.debug_str      0x00000000    0xcdf9d
 .debug_str     0x00000000    0xc683a ./Core/Src/button.o
                              0xc6b3d (size before relaxing)
 .debug_str     0x000c683a     0x3521 ./Core/Src/fsm_auto.o
                              0xc9b00 (size before relaxing)
 .debug_str     0x000c9d5b       0x89 ./Core/Src/fsm_tuning.o
                              0xc9b61 (size before relaxing)
 .debug_str     0x000c9de4      0x3f5 ./Core/Src/fsmc.o
                              0xc6d02 (size before relaxing)
 .debug_str     0x000ca1d9       0x20 ./Core/Src/gpio.o
                              0xc67b0 (size before relaxing)
 .debug_str     0x000ca1f9      0x281 ./Core/Src/lcd.o
                              0xc9d91 (size before relaxing)
 .debug_str     0x000ca47a       0x99 ./Core/Src/led_7seg.o
                              0xc6b7a (size before relaxing)
 .debug_str     0x000ca513      0x282 ./Core/Src/main.o
                              0xca02e (size before relaxing)
 .debug_str     0x000ca795      0x327 ./Core/Src/software_timer.o
                              0xc6c7a (size before relaxing)
 .debug_str     0x000caabc       0x4b ./Core/Src/spi.o
                              0xc6c3c (size before relaxing)
 .debug_str     0x000cab07       0x2c ./Core/Src/stm32f4xx_hal_msp.o
                              0xc66e5 (size before relaxing)
 .debug_str     0x000cab33       0xec ./Core/Src/stm32f4xx_it.o
                              0xc6bc9 (size before relaxing)
 .debug_str     0x000cac1f       0xdb ./Core/Src/system_stm32f4xx.o
                              0xc652c (size before relaxing)
 .debug_str     0x000cacfa      0x653 ./Core/Src/tim.o
                              0xc72ba (size before relaxing)
 .debug_str     0x000cb34d       0x44 ./Core/Startup/startup_stm32f407zetx.o
                                 0x95 (size before relaxing)
 .debug_str     0x000cb391      0x603 ./Drivers/STM32F4xx_HAL_Driver/Src/stm32f4xx_hal.o
                              0xc70b0 (size before relaxing)
 .debug_str     0x000cb994      0x36b ./Drivers/STM32F4xx_HAL_Driver/Src/stm32f4xx_hal_cortex.o
                              0xc6e2c (size before relaxing)
 .debug_str     0x000cbcff      0x109 ./Drivers/STM32F4xx_HAL_Driver/Src/stm32f4xx_hal_gpio.o
                              0xc66a7 (size before relaxing)
 .debug_str     0x000cbe08      0x233 ./Drivers/STM32F4xx_HAL_Driver/Src/stm32f4xx_hal_rcc.o
                              0xc6960 (size before relaxing)
 .debug_str     0x000cc03b      0x57b ./Drivers/STM32F4xx_HAL_Driver/Src/stm32f4xx_hal_spi.o
                              0xc6dea (size before relaxing)
 .debug_str     0x000cc5b6      0x1f0 ./Drivers/STM32F4xx_HAL_Driver/Src/stm32f4xx_hal_sram.o
                              0xc6b2a (size before relaxing)
 .debug_str     0x000cc7a6      0xda8 ./Drivers/STM32F4xx_HAL_Driver/Src/stm32f4xx_hal_tim.o
                              0xc78b6 (size before relaxing)
 .debug_str     0x000cd54e      0x493 ./Drivers/STM32F4xx_HAL_Driver/Src/stm32f4xx_hal_tim_ex.o
                              0xc70c2 (size before relaxing)
 .debug_str     0x000cd9e1      0x5bc ./Drivers/STM32F4xx_HAL_Driver/Src/stm32f4xx_ll_fsmc.o
                              0xc6d97 (size before relaxing)

.comment        0x00000000       0x43
 .comment       0x00000000       0x43 ./Core/Src/button.o
                                 0x44 (size before relaxing)
 .comment       0x00000043       0x44 ./Core/Src/fsm_auto.o
 .comment       0x00000043       0x44 ./Core/Src/fsm_tuning.o
 .comment       0x00000043       0x44 ./Core/Src/fsmc.o
 .comment       0x00000043       0x44 ./Core/Src/gpio.o
 .comment       0x00000043       0x44 ./Core/Src/lcd.o
 .comment       0x00000043       0x44 ./Core/Src/led_7seg.o
 .comment       0x00000043       0x44 ./Core/Src/main.o
 .comment       0x00000043       0x44 ./Core/Src/software_timer.o
 .comment       0x00000043       0x44 ./Core/Src/spi.o
 .comment       0x00000043       0x44 ./Core/Src/stm32f4xx_hal_msp.o
 .comment       0x00000043       0x44 ./Core/Src/stm32f4xx_it.o
 .comment       0x00000043       0x44 ./Core/Src/system_stm32f4xx.o
 .comment       0x00000043       0x44 ./Core/Src/tim.o
 .comment       0x00000043       0x44 ./Drivers/STM32F4xx_HAL_Driver/Src/stm32f4xx_hal.o
 .comment       0x00000043       0x44 ./Drivers/STM32F4xx_HAL_Driver/Src/stm32f4xx_hal_cortex.o
 .comment       0x00000043       0x44 ./Drivers/STM32F4xx_HAL_Driver/Src/stm32f4xx_hal_gpio.o
 .comment       0x00000043       0x44 ./Drivers/STM32F4xx_HAL_Driver/Src/stm32f4xx_hal_rcc.o
 .comment       0x00000043       0x44 ./Drivers/STM32F4xx_HAL_Driver/Src/stm32f4xx_hal_spi.o
 .comment       0x00000043       0x44 ./Drivers/STM32F4xx_HAL_Driver/Src/stm32f4xx_hal_sram.o
 .comment       0x00000043       0x44 ./Drivers/STM32F4xx_HAL_Driver/Src/stm32f4xx_hal_tim.o
 .comment       0x00000043       0x44 ./Drivers/STM32F4xx_HAL_Driver/Src/stm32f4xx_hal_tim_ex.o
 .comment       0x00000043       0x44 ./Drivers/STM32F4xx_HAL_Driver/Src/stm32f4xx_ll_fsmc.o

.debug_frame    0x00000000     0x3da8
 .debug_frame   0x00000000       0x50 ./Core/Src/button.o
 .debug_frame   0x00000050       0x54 ./Core/Src/fsm_auto.o
 .debug_frame   0x000000a4       0x34 ./Core/Src/fsm_tuning.o
 .debug_frame   0x000000d8       0xbc ./Core/Src/fsmc.o
 .debug_frame   0x00000194       0x34 ./Core/Src/gpio.o
 .debug_frame   0x000001c8      0x3e0 ./Core/Src/lcd.o
 .debug_frame   0x000005a8       0xe8 ./Core/Src/led_7seg.o
 .debug_frame   0x00000690      0x140 ./Core/Src/main.o
 .debug_frame   0x000007d0       0xc8 ./Core/Src/software_timer.o
 .debug_frame   0x00000898       0x74 ./Core/Src/spi.o
 .debug_frame   0x0000090c       0x38 ./Core/Src/stm32f4xx_hal_msp.o
 .debug_frame   0x00000944      0x120 ./Core/Src/stm32f4xx_it.o
 .debug_frame   0x00000a64       0x58 ./Core/Src/system_stm32f4xx.o
 .debug_frame   0x00000abc       0x7c ./Core/Src/tim.o
 .debug_frame   0x00000b38      0x374 ./Drivers/STM32F4xx_HAL_Driver/Src/stm32f4xx_hal.o
 .debug_frame   0x00000eac      0x508 ./Drivers/STM32F4xx_HAL_Driver/Src/stm32f4xx_hal_cortex.o
 .debug_frame   0x000013b4      0x14c ./Drivers/STM32F4xx_HAL_Driver/Src/stm32f4xx_hal_gpio.o
 .debug_frame   0x00001500      0x1f4 ./Drivers/STM32F4xx_HAL_Driver/Src/stm32f4xx_hal_rcc.o
 .debug_frame   0x000016f4      0x828 ./Drivers/STM32F4xx_HAL_Driver/Src/stm32f4xx_hal_spi.o
 .debug_frame   0x00001f1c      0x30c ./Drivers/STM32F4xx_HAL_Driver/Src/stm32f4xx_hal_sram.o
 .debug_frame   0x00002228     0x11c0 ./Drivers/STM32F4xx_HAL_Driver/Src/stm32f4xx_hal_tim.o
 .debug_frame   0x000033e8      0x638 ./Drivers/STM32F4xx_HAL_Driver/Src/stm32f4xx_hal_tim_ex.o
 .debug_frame   0x00003a20      0x2dc ./Drivers/STM32F4xx_HAL_Driver/Src/stm32f4xx_ll_fsmc.o
 .debug_frame   0x00003cfc       0x20 E:/BTVN/Nam 3/Vi xu ly/STM32CubeIDE_1.7.0/STM32CubeIDE/plugins/com.st.stm32cube.ide.mcu.externaltools.gnu-tools-for-stm32.12.3.rel1.win32_1.0.200.202406191623/tools/bin/../lib/gcc/arm-none-eabi/12.3.1/../../../../arm-none-eabi/lib/thumb/v7e-m+fp/hard\libc_nano.a(libc_a-memset.o)
 .debug_frame   0x00003d1c       0x2c E:/BTVN/Nam 3/Vi xu ly/STM32CubeIDE_1.7.0/STM32CubeIDE/plugins/com.st.stm32cube.ide.mcu.externaltools.gnu-tools-for-stm32.12.3.rel1.win32_1.0.200.202406191623/tools/bin/../lib/gcc/arm-none-eabi/12.3.1/../../../../arm-none-eabi/lib/thumb/v7e-m+fp/hard\libc_nano.a(libc_a-init.o)
 .debug_frame   0x00003d48       0x2c E:/BTVN/Nam 3/Vi xu ly/STM32CubeIDE_1.7.0/STM32CubeIDE/plugins/com.st.stm32cube.ide.mcu.externaltools.gnu-tools-for-stm32.12.3.rel1.win32_1.0.200.202406191623/tools/bin/../lib/gcc/arm-none-eabi/12.3.1/thumb/v7e-m+fp/hard\libgcc.a(_aeabi_uldivmod.o)
 .debug_frame   0x00003d74       0x34 E:/BTVN/Nam 3/Vi xu ly/STM32CubeIDE_1.7.0/STM32CubeIDE/plugins/com.st.stm32cube.ide.mcu.externaltools.gnu-tools-for-stm32.12.3.rel1.win32_1.0.200.202406191623/tools/bin/../lib/gcc/arm-none-eabi/12.3.1/thumb/v7e-m+fp/hard\libgcc.a(_udivmoddi4.o)

.debug_line_str
                0x00000000       0x79
 .debug_line_str
                0x00000000       0x79 ./Core/Startup/startup_stm32f407zetx.o
